apiVersion: v1
kind: ServiceAccount
metadata:
  annotations: {}
  labels:
    app.kubernetes.io/instance: machine-api-provider-cloudscale
    app.kubernetes.io/managed-by: commodore
    app.kubernetes.io/name: machine-api-provider
    app.kubernetes.io/part-of: syn
    name: appuio-machine-api-provider-cloudscale
  name: appuio-machine-api-provider-cloudscale
  namespace: openshift-machine-api
